2026-03-04T03:13:13.908Z [info] : ::1 - - [04/Mar/2026:03:13:13 +0000] "PUT /api/package/696e50a76ed225c70b2cd428 HTTP/1.1" 401 47 "-" "PostmanRuntime/7.51.1"
2026-03-04T03:13:21.152Z [info] : ::1 - - [04/Mar/2026:03:13:21 +0000] "POST /api/admin/login HTTP/1.1" 200 275 "-" "PostmanRuntime/7.51.1"
2026-03-04T03:13:36.131Z [info] : ::1 - - [04/Mar/2026:03:13:36 +0000] "POST /api/package HTTP/1.1" 400 63 "-" "PostmanRuntime/7.51.1"
2026-03-04T03:14:24.580Z [info] : ::1 - - [04/Mar/2026:03:14:24 +0000] "POST /api/package HTTP/1.1" 400 63 "-" "PostmanRuntime/7.51.1"
2026-03-04T03:15:26.077Z [info] : ::1 - - [04/Mar/2026:03:15:26 +0000] "POST /api/package HTTP/1.1" 500 94 "-" "PostmanRuntime/7.51.1"
2026-03-04T03:15:43.877Z [info] : ::1 - - [04/Mar/2026:03:15:43 +0000] "POST /api/package HTTP/1.1" 201 380 "-" "PostmanRuntime/7.51.1"
2026-03-04T03:19:56.860Z [info] : ::1 - - [04/Mar/2026:03:19:56 +0000] "POST /api/package HTTP/1.1" 201 414 "-" "PostmanRuntime/7.51.1"
2026-03-04T03:20:05.862Z [info] : ::1 - - [04/Mar/2026:03:20:05 +0000] "GET /api/package HTTP/1.1" 200 709 "-" "PostmanRuntime/7.51.1"
2026-03-04T03:30:05.919Z [info] : ::1 - - [04/Mar/2026:03:30:05 +0000] "GET /api/package HTTP/1.1" 200 350 "-" "PostmanRuntime/7.51.1"
2026-03-04T03:30:17.336Z [info] : ::1 - - [04/Mar/2026:03:30:17 +0000] "POST /api/package HTTP/1.1" 201 414 "-" "PostmanRuntime/7.51.1"
2026-03-04T03:30:31.002Z [info] : ::1 - - [04/Mar/2026:03:30:31 +0000] "GET /api/package HTTP/1.1" 200 709 "-" "PostmanRuntime/7.51.1"
2026-03-04T03:34:06.908Z [info] : ::1 - - [04/Mar/2026:03:34:06 +0000] "POST /api/package HTTP/1.1" 201 553 "-" "PostmanRuntime/7.51.1"
2026-03-04T03:38:41.992Z [info] : ::1 - - [04/Mar/2026:03:38:41 +0000] "GET /api/package HTTP/1.1" 200 523 "-" "PostmanRuntime/7.51.1"
2026-03-04T03:42:20.105Z [info] : ::1 - - [04/Mar/2026:03:42:20 +0000] "POST /api/package HTTP/1.1" 201 558 "-" "PostmanRuntime/7.51.1"
2026-03-04T03:42:24.378Z [info] : ::1 - - [04/Mar/2026:03:42:24 +0000] "GET /api/package HTTP/1.1" 200 1026 "-" "PostmanRuntime/7.51.1"
2026-03-04T03:58:22.183Z [info] : ::1 - - [04/Mar/2026:03:58:22 +0000] "POST /api/package HTTP/1.1" 400 63 "-" "PostmanRuntime/7.51.1"
2026-03-04T03:59:10.028Z [info] : ::1 - - [04/Mar/2026:03:59:10 +0000] "POST /api/package HTTP/1.1" 201 513 "-" "PostmanRuntime/7.51.1"
2026-03-04T03:59:26.770Z [info] : ::1 - - [04/Mar/2026:03:59:26 +0000] "GET /api/package HTTP/1.1" 200 1484 "-" "PostmanRuntime/7.51.1"
2026-03-04T04:07:58.764Z [info] : ::1 - - [04/Mar/2026:04:07:58 +0000] "GET /api/package HTTP/1.1" 200 26 "-" "PostmanRuntime/7.51.1"
2026-03-04T04:08:10.824Z [info] : ::1 - - [04/Mar/2026:04:08:10 +0000] "POST /api/package HTTP/1.1" 201 513 "-" "PostmanRuntime/7.51.1"
2026-03-04T04:20:04.923Z [info] : ::1 - - [04/Mar/2026:04:20:04 +0000] "POST /api/package HTTP/1.1" 201 513 "-" "PostmanRuntime/7.51.1"
2026-03-04T04:20:09.366Z [info] : ::1 - - [04/Mar/2026:04:20:09 +0000] "GET /api/package HTTP/1.1" 200 941 "-" "PostmanRuntime/7.51.1"
2026-03-04T09:08:00.395Z [info] : ::1 - - [04/Mar/2026:09:08:00 +0000] "POST /api/package HTTP/1.1" 201 513 "-" "PostmanRuntime/7.51.1"
2026-03-04T09:12:07.603Z [info] : ::1 - - [04/Mar/2026:09:12:07 +0000] "POST /api/package HTTP/1.1" - - "-" "PostmanRuntime/7.51.1"
2026-03-04T09:12:11.292Z [info] : ::1 - - [04/Mar/2026:09:12:11 +0000] "GET /api/package HTTP/1.1" 200 941 "-" "PostmanRuntime/7.51.1"
2026-03-04T09:19:51.769Z [info] : ::1 - - [04/Mar/2026:09:19:51 +0000] "GET /api/package HTTP/1.1" 200 941 "-" "PostmanRuntime/7.51.1"
2026-03-04T09:26:32.289Z [info] : ::1 - - [04/Mar/2026:09:26:32 +0000] "POST /api/package HTTP/1.1" 201 513 "-" "PostmanRuntime/7.51.1"
2026-03-04T09:26:38.240Z [info] : ::1 - - [04/Mar/2026:09:26:38 +0000] "GET /api/package HTTP/1.1" 200 1399 "-" "PostmanRuntime/7.51.1"
2026-03-04T09:30:09.146Z [info] : ::1 - - [04/Mar/2026:09:30:09 +0000] "GET /api/package/69a7f7693eee085bd60bef97 HTTP/1.1" 200 481 "-" "PostmanRuntime/7.51.1"
